linux_kernel=6.18.52-0-virt
linux_online_cpus=0-3
linux_bench_ready
linux-bench % /bin/busybox cat /proc/stat
cpu  3 0 113 401 1 133 9 0 0 0
cpu0 0 0 35 98 0 35 3 0 0 0
cpu1 1 0 13 119 0 74 2 0 0 0
cpu2 1 0 45 76 0 12 1 0 0 0
cpu3 0 0 20 106 1 11 1 0 0 0
intr 4900 289 9 0 0 48 0 0 0 1 0 0 0 5 0 0 16 0 0 0 0 0 0 0 0 0 0 0 0 0 0 0 0 0 0 0 0 0 0 0 0 0 0 0 0 0 0 0 0 0 0 0 0 0 0 0 0 0 0 0 0 0 0 0 0 0 0 0 0 0 0 0 0 0 0 0 0 0 0 0 0 0 0 0 0 0 0 0 0 0 0 0 0 0 0 0 0 0 0 0 0 0 0 0 0 0 0 0 0 0 0 0 0 0 0 0 0 0 0 0 0 0 0 0 0 0 0 0 0 0 0 0 0 0 0 0 0 0 0 0 0 0 0 0 0 0 0 0 0 0 0 0 0 0 0 0 0 0 0 0 0 0 0 0 0 0 0 0 0 0 0 0 0 0 0 0 0 0 0 0 0 0 0 0 0 0 0 0 0 0 0 0 0 0 0 0 0 0 0 0 0 0 0 0 0 0 0 0 0 0 0 0 0 0 0 0 0 0 0 0 0 0 0 0 0 0 0 0 0 0 0 0 0 0 0 0 0 0 0 0 0 0 0 0 0 0 0 0 0 0 0 0 0 0 0 0 0 0 0 0 0 0 0 0 0 0 0 0 0 0 0 0 0 0 0 0 0 0 0 0 0 0 0 0 0 0 0 0 0 0 0 0 0 0 0 0 0 0 0 0 0 0 0 0 0 0 0 0 0 0 0 0 0 0 0 0 0 0 0 0 0 0 0 0 0 0 0 0 0 0 0 0 0 0 0 0 0 0 0 0 0 0 0 0 0 0 0 0 0 0 0 0 0 0 0 0 0 0 0 0 0 0 0 0 0 0 0 0 0 0 0 0 0 0 0 0 0 0 0 0 0 0 0 0 0 0 0 0 0 0 0 0 0 0 0 0 0 0 0 0 0 0 0 0 0 0 0 0 0 0 0 0 0 0 0 0 0 0 0 0 0 0 0 0 0 0 0 0 0 0 0 0 0 0 0 0 0 0 0 0 0 0 0 0 0 0 0 0 0 0 0 0 0 0 0 0 0
ctxt 3871
btime 1790962659
processes 467
procs_running 1
procs_blocked 0
softirq 2035 0 302 0 0 6 0 1 594 0 1132
linux_exit_code=0
linux-bench % /bin/bench 1 480000000 0
bench workers=1
bench iterations_per_worker=480000000
bench yield_every=0
bench elapsed_ticks=66
bench timer_hz=100
bench context_switches=3
bench preempt_requests=0
bench checksum8_sum=82
bench free_pages_before=0
bench free_pages_after=0
bench correctness=ok
linux_exit_code=0
linux-bench % /bin/bench 1 480000000 0
bench workers=1
bench iterations_per_worker=480000000
bench yield_every=0
bench elapsed_ticks=89
bench timer_hz=100
bench context_switches=3
bench preempt_requests=0
bench checksum8_sum=82
bench free_pages_before=0
bench free_pages_after=0
bench correctness=ok
linux_exit_code=0
linux-bench % /bin/bench 1 480000000 0
bench workers=1
bench iterations_per_worker=480000000
bench yield_every=0
bench elapsed_ticks=88
bench timer_hz=100
bench context_switches=4
bench preempt_requests=0
bench checksum8_sum=82
bench free_pages_before=0
bench free_pages_after=0
bench correctness=ok
linux_exit_code=0
linux-bench % /bin/bench 1 480000000 0
bench workers=1
bench iterations_per_worker=480000000
bench yield_every=0
bench elapsed_ticks=106
bench timer_hz=100
bench context_switches=2
bench preempt_requests=0
bench checksum8_sum=82
bench free_pages_before=0
bench free_pages_after=0
bench correctness=ok
linux_exit_code=0
linux-bench % /bin/bench 1 480000000 0
bench workers=1
bench iterations_per_worker=480000000
bench yield_every=0
bench elapsed_ticks=71
bench timer_hz=100
bench context_switches=3
bench preempt_requests=0
bench checksum8_sum=82
bench free_pages_before=0
bench free_pages_after=0
bench correctness=ok
linux_exit_code=0
linux-bench % /bin/bench 1 480000000 0
bench workers=1
bench iterations_per_worker=480000000
bench yield_every=0
bench elapsed_ticks=68
bench timer_hz=100
bench context_switches=3
bench preempt_requests=0
bench checksum8_sum=82
bench free_pages_before=0
bench free_pages_after=0
bench correctness=ok
linux_exit_code=0
linux-bench % /bin/bench 1 480000000 0
bench workers=1
bench iterations_per_worker=480000000
bench yield_every=0
bench elapsed_ticks=79
bench timer_hz=100
bench context_switches=3
bench preempt_requests=0
bench checksum8_sum=82
bench free_pages_before=0
bench free_pages_after=0
bench correctness=ok
linux_exit_code=0
linux-bench % /bin/bench 1 480000000 0
bench workers=1
bench iterations_per_worker=480000000
bench yield_every=0
bench elapsed_ticks=72
bench timer_hz=100
bench context_switches=4
bench preempt_requests=0
bench checksum8_sum=82
bench free_pages_before=0
bench free_pages_after=0
bench correctness=ok
linux_exit_code=0
linux-bench % /bin/bench 1 480000000 0
bench workers=1
bench iterations_per_worker=480000000
bench yield_every=0
bench elapsed_ticks=70
bench timer_hz=100
bench context_switches=3
bench preempt_requests=0
bench checksum8_sum=82
bench free_pages_before=0
bench free_pages_after=0
bench correctness=ok
linux_exit_code=0
linux-bench % /bin/bench 1 480000000 0
bench workers=1
bench iterations_per_worker=480000000
bench yield_every=0
bench elapsed_ticks=70
bench timer_hz=100
bench context_switches=5
bench preempt_requests=0
bench checksum8_sum=82
bench free_pages_before=0
bench free_pages_after=0
bench correctness=ok
linux_exit_code=0
linux-bench % /bin/bench 1 480000000 0
bench workers=1
bench iterations_per_worker=480000000
bench yield_every=0
bench elapsed_ticks=71
bench timer_hz=100
bench context_switches=3
bench preempt_requests=0
bench checksum8_sum=82
bench free_pages_before=0
bench free_pages_after=0
bench correctness=ok
linux_exit_code=0
linux-bench % /bin/bench 1 480000000 0
bench workers=1
bench iterations_per_worker=480000000
bench yield_every=0
bench elapsed_ticks=71
bench timer_hz=100
bench context_switches=2
bench preempt_requests=0
bench checksum8_sum=82
bench free_pages_before=0
bench free_pages_after=0
bench correctness=ok
linux_exit_code=0
linux-bench % /bin/bench 1 480000000 0
bench workers=1
bench iterations_per_worker=480000000
bench yield_every=0
bench elapsed_ticks=69
bench timer_hz=100
bench context_switches=2
bench preempt_requests=0
bench checksum8_sum=82
bench free_pages_before=0
bench free_pages_after=0
bench correctness=ok
linux_exit_code=0
linux-bench % /bin/bench 1 480000000 0
bench workers=1
bench iterations_per_worker=480000000
bench yield_every=0
bench elapsed_ticks=66
bench timer_hz=100
bench context_switches=3
bench preempt_requests=0
bench checksum8_sum=82
bench free_pages_before=0
bench free_pages_after=0
bench correctness=ok
linux_exit_code=0
linux-bench % /bin/bench 1 480000000 0
bench workers=1
bench iterations_per_worker=480000000
bench yield_every=0
bench elapsed_ticks=69
bench timer_hz=100
bench context_switches=3
bench preempt_requests=0
bench checksum8_sum=82
bench free_pages_before=0
bench free_pages_after=0
bench correctness=ok
linux_exit_code=0
linux-bench % /bin/bench 1 480000000 0
bench workers=1
bench iterations_per_worker=480000000
bench yield_every=0
bench elapsed_ticks=73
bench timer_hz=100
bench context_switches=4
bench preempt_requests=0
bench checksum8_sum=82
bench free_pages_before=0
bench free_pages_after=0
bench correctness=ok
linux_exit_code=0
linux-bench % /bin/bench 1 480000000 0
bench workers=1
bench iterations_per_worker=480000000
bench yield_every=0
bench elapsed_ticks=71
bench timer_hz=100
bench context_switches=3
bench preempt_requests=0
bench checksum8_sum=82
bench free_pages_before=0
bench free_pages_after=0
bench correctness=ok
linux_exit_code=0
linux-bench % /bin/bench 4 120000000 0
bench workers=4
bench iterations_per_worker=120000000
bench yield_every=0
bench elapsed_ticks=24
bench timer_hz=100
bench context_switches=12
bench preempt_requests=0
bench checksum8_sum=409
bench free_pages_before=0
bench free_pages_after=0
bench correctness=ok
linux_exit_code=0
linux-bench % /bin/bench 4 120000000 0
bench workers=4
bench iterations_per_worker=120000000
bench yield_every=0
bench elapsed_ticks=23
bench timer_hz=100
bench context_switches=15
bench preempt_requests=0
bench checksum8_sum=409
bench free_pages_before=0
bench free_pages_after=0
bench correctness=ok
linux_exit_code=0
linux-bench % /bin/bench 4 120000000 0
bench workers=4
bench iterations_per_worker=120000000
bench yield_every=0
bench elapsed_ticks=19
bench timer_hz=100
bench context_switches=16
bench preempt_requests=0
bench checksum8_sum=409
bench free_pages_before=0
bench free_pages_after=0
bench correctness=ok
linux_exit_code=0
linux-bench % /bin/bench 4 120000000 0
bench workers=4
bench iterations_per_worker=120000000
bench yield_every=0
bench elapsed_ticks=27
bench timer_hz=100
bench context_switches=12
bench preempt_requests=0
bench checksum8_sum=409
bench free_pages_before=0
bench free_pages_after=0
bench correctness=ok
linux_exit_code=0
linux-bench % /bin/bench 4 120000000 0
bench workers=4
bench iterations_per_worker=120000000
bench yield_every=0
bench elapsed_ticks=21
bench timer_hz=100
bench context_switches=16
bench preempt_requests=0
bench checksum8_sum=409
bench free_pages_before=0
bench free_pages_after=0
bench correctness=ok
linux_exit_code=0
linux-bench % /bin/bench 4 120000000 0
bench workers=4
bench iterations_per_worker=120000000
bench yield_every=0
bench elapsed_ticks=27
bench timer_hz=100
bench context_switches=13
bench preempt_requests=0
bench checksum8_sum=409
bench free_pages_before=0
bench free_pages_after=0
bench correctness=ok
linux_exit_code=0
linux-bench % /bin/bench 4 120000000 0
bench workers=4
bench iterations_per_worker=120000000
bench yield_every=0
bench elapsed_ticks=23
bench timer_hz=100
bench context_switches=15
bench preempt_requests=0
bench checksum8_sum=409
bench free_pages_before=0
bench free_pages_after=0
bench correctness=ok
linux_exit_code=0
linux-bench % /bin/bench 4 120000000 0
bench workers=4
bench iterations_per_worker=120000000
bench yield_every=0
bench elapsed_ticks=20
bench timer_hz=100
bench context_switches=13
bench preempt_requests=0
bench checksum8_sum=409
bench free_pages_before=0
bench free_pages_after=0
bench correctness=ok
linux_exit_code=0
linux-bench % /bin/bench 4 120000000 0
bench workers=4
bench iterations_per_worker=120000000
bench yield_every=0
bench elapsed_ticks=21
bench timer_hz=100
bench context_switches=15
bench preempt_requests=0
bench checksum8_sum=409
bench free_pages_before=0
bench free_pages_after=0
bench correctness=ok
linux_exit_code=0
linux-bench % /bin/bench 4 120000000 0
bench workers=4
bench iterations_per_worker=120000000
bench yield_every=0
bench elapsed_ticks=21
bench timer_hz=100
bench context_switches=17
bench preempt_requests=0
bench checksum8_sum=409
bench free_pages_before=0
bench free_pages_after=0
bench correctness=ok
linux_exit_code=0
linux-bench % /bin/bench 4 120000000 0
bench workers=4
bench iterations_per_worker=120000000
bench yield_every=0
bench elapsed_ticks=28
bench timer_hz=100
bench context_switches=11
bench preempt_requests=0
bench checksum8_sum=409
bench free_pages_before=0
bench free_pages_after=0
bench correctness=ok
linux_exit_code=0
linux-bench % /bin/bench 4 120000000 0
bench workers=4
bench iterations_per_worker=120000000
bench yield_every=0
bench elapsed_ticks=87
bench timer_hz=100
bench context_switches=47
bench preempt_requests=0
bench checksum8_sum=409
bench free_pages_before=0
bench free_pages_after=0
bench correctness=ok
linux_exit_code=0
linux-bench % /bin/bench 4 120000000 0
bench workers=4
bench iterations_per_worker=120000000
bench yield_every=0
bench elapsed_ticks=30
bench timer_hz=100
bench context_switches=17
bench preempt_requests=0
bench checksum8_sum=409
bench free_pages_before=0
bench free_pages_after=0
bench correctness=ok
linux_exit_code=0
linux-bench % /bin/bench 4 120000000 0
bench workers=4
bench iterations_per_worker=120000000
bench yield_every=0
bench elapsed_ticks=26
bench timer_hz=100
bench context_switches=10
bench preempt_requests=0
bench checksum8_sum=409
bench free_pages_before=0
bench free_pages_after=0
bench correctness=ok
linux_exit_code=0
linux-bench % /bin/bench 4 120000000 0
bench workers=4
bench iterations_per_worker=120000000
bench yield_every=0
bench elapsed_ticks=21
bench timer_hz=100
bench context_switches=11
bench preempt_requests=0
bench checksum8_sum=409
bench free_pages_before=0
bench free_pages_after=0
bench correctness=ok
linux_exit_code=0
linux-bench % /bin/bench 4 120000000 0
bench workers=4
bench iterations_per_worker=120000000
bench yield_every=0
bench elapsed_ticks=21
bench timer_hz=100
bench context_switches=15
bench preempt_requests=0
bench checksum8_sum=409
bench free_pages_before=0
bench free_pages_after=0
bench correctness=ok
linux_exit_code=0
linux-bench % /bin/bench 4 120000000 0
bench workers=4
bench iterations_per_worker=120000000
bench yield_every=0
bench elapsed_ticks=24
bench timer_hz=100
bench context_switches=15
bench preempt_requests=0
bench checksum8_sum=409
bench free_pages_before=0
bench free_pages_after=0
bench correctness=ok
linux_exit_code=0
linux-bench % /bin/bench 12 40000000 0
bench workers=12
bench iterations_per_worker=40000000
bench yield_every=0
bench elapsed_ticks=22
bench timer_hz=100
bench context_switches=231
bench preempt_requests=0
bench checksum8_sum=1273
bench free_pages_before=0
bench free_pages_after=0
bench correctness=ok
linux_exit_code=0
linux-bench % /bin/bench 12 40000000 0
bench workers=12
bench iterations_per_worker=40000000
bench yield_every=0
bench elapsed_ticks=22
bench timer_hz=100
bench context_switches=257
bench preempt_requests=0
bench checksum8_sum=1273
bench free_pages_before=0
bench free_pages_after=0
bench correctness=ok
linux_exit_code=0
linux-bench % /bin/bench 12 40000000 0
bench workers=12
bench iterations_per_worker=40000000
bench yield_every=0
bench elapsed_ticks=24
bench timer_hz=100
bench context_switches=265
bench preempt_requests=0
bench checksum8_sum=1273
bench free_pages_before=0
bench free_pages_after=0
bench correctness=ok
linux_exit_code=0
linux-bench % /bin/bench 12 40000000 0
bench workers=12
bench iterations_per_worker=40000000
bench yield_every=0
bench elapsed_ticks=19
bench timer_hz=100
bench context_switches=277
bench preempt_requests=0
bench checksum8_sum=1273
bench free_pages_before=0
bench free_pages_after=0
bench correctness=ok
linux_exit_code=0
linux-bench % /bin/bench 12 40000000 0
bench workers=12
bench iterations_per_worker=40000000
bench yield_every=0
bench elapsed_ticks=20
bench timer_hz=100
bench context_switches=261
bench preempt_requests=0
bench checksum8_sum=1273
bench free_pages_before=0
bench free_pages_after=0
bench correctness=ok
linux_exit_code=0
linux-bench % /bin/bench 12 40000000 0
bench workers=12
bench iterations_per_worker=40000000
bench yield_every=0
bench elapsed_ticks=20
bench timer_hz=100
bench context_switches=278
bench preempt_requests=0
bench checksum8_sum=1273
bench free_pages_before=0
bench free_pages_after=0
bench correctness=ok
linux_exit_code=0
linux-bench % /bin/bench 12 40000000 0
bench workers=12
bench iterations_per_worker=40000000
bench yield_every=0
bench elapsed_ticks=27
bench timer_hz=100
bench context_switches=246
bench preempt_requests=0
bench checksum8_sum=1273
bench free_pages_before=0
bench free_pages_after=0
bench correctness=ok
linux_exit_code=0
linux-bench % /bin/bench 12 40000000 0
bench workers=12
bench iterations_per_worker=40000000
bench yield_every=0
bench elapsed_ticks=21
bench timer_hz=100
bench context_switches=266
bench preempt_requests=0
bench checksum8_sum=1273
bench free_pages_before=0
bench free_pages_after=0
bench correctness=ok
linux_exit_code=0
linux-bench % /bin/bench 12 40000000 0
bench workers=12
bench iterations_per_worker=40000000
bench yield_every=0
bench elapsed_ticks=23
bench timer_hz=100
bench context_switches=278
bench preempt_requests=0
bench checksum8_sum=1273
bench free_pages_before=0
bench free_pages_after=0
bench correctness=ok
linux_exit_code=0
linux-bench % /bin/bench 12 40000000 0
bench workers=12
bench iterations_per_worker=40000000
bench yield_every=0
bench elapsed_ticks=26
bench timer_hz=100
bench context_switches=272
bench preempt_requests=0
bench checksum8_sum=1273
bench free_pages_before=0
bench free_pages_after=0
bench correctness=ok
linux_exit_code=0
linux-bench % /bin/bench 12 40000000 0
bench workers=12
bench iterations_per_worker=40000000
bench yield_every=0
bench elapsed_ticks=25
bench timer_hz=100
bench context_switches=264
bench preempt_requests=0
bench checksum8_sum=1273
bench free_pages_before=0
bench free_pages_after=0
bench correctness=ok
linux_exit_code=0
linux-bench % /bin/bench 12 40000000 0
bench workers=12
bench iterations_per_worker=40000000
bench yield_every=0
bench elapsed_ticks=20
bench timer_hz=100
bench context_switches=266
bench preempt_requests=0
bench checksum8_sum=1273
bench free_pages_before=0
bench free_pages_after=0
bench correctness=ok
linux_exit_code=0
linux-bench % /bin/bench 12 40000000 0
bench workers=12
bench iterations_per_worker=40000000
bench yield_every=0
bench elapsed_ticks=21
bench timer_hz=100
bench context_switches=277
bench preempt_requests=0
bench checksum8_sum=1273
bench free_pages_before=0
bench free_pages_after=0
bench correctness=ok
linux_exit_code=0
linux-bench % /bin/bench 12 40000000 0
bench workers=12
bench iterations_per_worker=40000000
bench yield_every=0
bench elapsed_ticks=19
bench timer_hz=100
bench context_switches=273
bench preempt_requests=0
bench checksum8_sum=1273
bench free_pages_before=0
bench free_pages_after=0
bench correctness=ok
linux_exit_code=0
linux-bench % /bin/bench 12 40000000 0
bench workers=12
bench iterations_per_worker=40000000
bench yield_every=0
bench elapsed_ticks=25
bench timer_hz=100
bench context_switches=251
bench preempt_requests=0
bench checksum8_sum=1273
bench free_pages_before=0
bench free_pages_after=0
bench correctness=ok
linux_exit_code=0
linux-bench % /bin/bench 12 40000000 0
bench workers=12
bench iterations_per_worker=40000000
bench yield_every=0
bench elapsed_ticks=21
bench timer_hz=100
bench context_switches=286
bench preempt_requests=0
bench checksum8_sum=1273
bench free_pages_before=0
bench free_pages_after=0
bench correctness=ok
linux_exit_code=0
linux-bench % /bin/bench 12 40000000 0
bench workers=12
bench iterations_per_worker=40000000
bench yield_every=0
bench elapsed_ticks=21
bench timer_hz=100
bench context_switches=276
bench preempt_requests=0
bench checksum8_sum=1273
bench free_pages_before=0
bench free_pages_after=0
bench correctness=ok
linux_exit_code=0
linux-bench % /bin/bench 4 120000000 65536
bench workers=4
bench iterations_per_worker=120000000
bench yield_every=65536
bench elapsed_ticks=21
bench timer_hz=100
bench context_switches=16
bench preempt_requests=0
bench checksum8_sum=409
bench free_pages_before=0
bench free_pages_after=0
bench correctness=ok
linux_exit_code=0
linux-bench % /bin/bench 4 120000000 65536
bench workers=4
bench iterations_per_worker=120000000
bench yield_every=65536
bench elapsed_ticks=19
bench timer_hz=100
bench context_switches=13
bench preempt_requests=0
bench checksum8_sum=409
bench free_pages_before=0
bench free_pages_after=0
bench correctness=ok
linux_exit_code=0
linux-bench % /bin/bench 4 120000000 65536
bench workers=4
bench iterations_per_worker=120000000
bench yield_every=65536
bench elapsed_ticks=20
bench timer_hz=100
bench context_switches=13
bench preempt_requests=0
bench checksum8_sum=409
bench free_pages_before=0
bench free_pages_after=0
bench correctness=ok
linux_exit_code=0
linux-bench % /bin/bench 4 120000000 65536
bench workers=4
bench iterations_per_worker=120000000
bench yield_every=65536
bench elapsed_ticks=25
bench timer_hz=100
bench context_switches=17
bench preempt_requests=0
bench checksum8_sum=409
bench free_pages_before=0
bench free_pages_after=0
bench correctness=ok
linux_exit_code=0
linux-bench % /bin/bench 4 120000000 65536
bench workers=4
bench iterations_per_worker=120000000
bench yield_every=65536
bench elapsed_ticks=20
bench timer_hz=100
bench context_switches=12
bench preempt_requests=0
bench checksum8_sum=409
bench free_pages_before=0
bench free_pages_after=0
bench correctness=ok
linux_exit_code=0
linux-bench % /bin/bench 4 120000000 65536
bench workers=4
bench iterations_per_worker=120000000
bench yield_every=65536
bench elapsed_ticks=21
bench timer_hz=100
bench context_switches=11
bench preempt_requests=0
bench checksum8_sum=409
bench free_pages_before=0
bench free_pages_after=0
bench correctness=ok
linux_exit_code=0
linux-bench % /bin/bench 4 120000000 65536
bench workers=4
bench iterations_per_worker=120000000
bench yield_every=65536
bench elapsed_ticks=18
bench timer_hz=100
bench context_switches=13
bench preempt_requests=0
bench checksum8_sum=409
bench free_pages_before=0
bench free_pages_after=0
bench correctness=ok
linux_exit_code=0
linux-bench % /bin/bench 4 120000000 65536
bench workers=4
bench iterations_per_worker=120000000
bench yield_every=65536
bench elapsed_ticks=20
bench timer_hz=100
bench context_switches=14
bench preempt_requests=0
bench checksum8_sum=409
bench free_pages_before=0
bench free_pages_after=0
bench correctness=ok
linux_exit_code=0
linux-bench % /bin/bench 4 120000000 65536
bench workers=4
bench iterations_per_worker=120000000
bench yield_every=65536
bench elapsed_ticks=21
bench timer_hz=100
bench context_switches=14
bench preempt_requests=0
bench checksum8_sum=409
bench free_pages_before=0
bench free_pages_after=0
bench correctness=ok
linux_exit_code=0
linux-bench % /bin/bench 4 120000000 65536
bench workers=4
bench iterations_per_worker=120000000
bench yield_every=65536
bench elapsed_ticks=22
bench timer_hz=100
bench context_switches=13
bench preempt_requests=0
bench checksum8_sum=409
bench free_pages_before=0
bench free_pages_after=0
bench correctness=ok
linux_exit_code=0
linux-bench % /bin/bench 4 120000000 65536
bench workers=4
bench iterations_per_worker=120000000
bench yield_every=65536
bench elapsed_ticks=27
bench timer_hz=100
bench context_switches=16
bench preempt_requests=0
bench checksum8_sum=409
bench free_pages_before=0
bench free_pages_after=0
bench correctness=ok
linux_exit_code=0
linux-bench % /bin/bench 4 120000000 65536
bench workers=4
bench iterations_per_worker=120000000
bench yield_every=65536
bench elapsed_ticks=22
bench timer_hz=100
bench context_switches=14
bench preempt_requests=0
bench checksum8_sum=409
bench free_pages_before=0
bench free_pages_after=0
bench correctness=ok
linux_exit_code=0
linux-bench % /bin/bench 4 120000000 65536
bench workers=4
bench iterations_per_worker=120000000
bench yield_every=65536
bench elapsed_ticks=18
bench timer_hz=100
bench context_switches=10
bench preempt_requests=0
bench checksum8_sum=409
bench free_pages_before=0
bench free_pages_after=0
bench correctness=ok
linux_exit_code=0
linux-bench % /bin/bench 4 120000000 65536
bench workers=4
bench iterations_per_worker=120000000
bench yield_every=65536
bench elapsed_ticks=22
bench timer_hz=100
bench context_switches=18
bench preempt_requests=0
bench checksum8_sum=409
bench free_pages_before=0
bench free_pages_after=0
bench correctness=ok
linux_exit_code=0
linux-bench % /bin/bench 4 120000000 65536
bench workers=4
bench iterations_per_worker=120000000
bench yield_every=65536
bench elapsed_ticks=20
bench timer_hz=100
bench context_switches=14
bench preempt_requests=0
bench checksum8_sum=409
bench free_pages_before=0
bench free_pages_after=0
bench correctness=ok
linux_exit_code=0
linux-bench % /bin/bench 4 120000000 65536
bench workers=4
bench iterations_per_worker=120000000
bench yield_every=65536
bench elapsed_ticks=20
bench timer_hz=100
bench context_switches=12
bench preempt_requests=0
bench checksum8_sum=409
bench free_pages_before=0
bench free_pages_after=0
bench correctness=ok
linux_exit_code=0
linux-bench % /bin/bench 4 120000000 65536
bench workers=4
bench iterations_per_worker=120000000
bench yield_every=65536
bench elapsed_ticks=27
bench timer_hz=100
bench context_switches=13
bench preempt_requests=0
bench checksum8_sum=409
bench free_pages_before=0
bench free_pages_after=0
bench correctness=ok
linux_exit_code=0
linux-bench % /bin/bench_ipc 33554432
ipc bytes=33554432
ipc pipe_capacity=4096
ipc elapsed_ticks=53
ipc timer_hz=100
ipc context_switches=15000
ipc free_pages_before=0
ipc free_pages_after=0
ipc correctness=ok
linux_exit_code=0
linux-bench % /bin/bench_ipc 33554432
ipc bytes=33554432
ipc pipe_capacity=4096
ipc elapsed_ticks=50
ipc timer_hz=100
ipc context_switches=13918
ipc free_pages_before=0
ipc free_pages_after=0
ipc correctness=ok
linux_exit_code=0
linux-bench % /bin/bench_ipc 33554432
ipc bytes=33554432
ipc pipe_capacity=4096
ipc elapsed_ticks=40
ipc timer_hz=100
ipc context_switches=11643
ipc free_pages_before=0
ipc free_pages_after=0
ipc correctness=ok
linux_exit_code=0
linux-bench % /bin/bench_ipc 33554432
ipc bytes=33554432
ipc pipe_capacity=4096
ipc elapsed_ticks=44
ipc timer_hz=100
ipc context_switches=12337
ipc free_pages_before=0
ipc free_pages_after=0
ipc correctness=ok
linux_exit_code=0
linux-bench % /bin/bench_ipc 33554432
ipc bytes=33554432
ipc pipe_capacity=4096
ipc elapsed_ticks=63
ipc timer_hz=100
ipc context_switches=14628
ipc free_pages_before=0
ipc free_pages_after=0
ipc correctness=ok
linux_exit_code=0
linux-bench % /bin/bench_ipc 33554432
ipc bytes=33554432
ipc pipe_capacity=4096
ipc elapsed_ticks=48
ipc timer_hz=100
ipc context_switches=13717
ipc free_pages_before=0
ipc free_pages_after=0
ipc correctness=ok
linux_exit_code=0
linux-bench % /bin/bench_ipc 33554432
ipc bytes=33554432
ipc pipe_capacity=4096
ipc elapsed_ticks=51
ipc timer_hz=100
ipc context_switches=14658
ipc free_pages_before=0
ipc free_pages_after=0
ipc correctness=ok
linux_exit_code=0
linux-bench % /bin/bench_ipc 33554432
ipc bytes=33554432
ipc pipe_capacity=4096
ipc elapsed_ticks=52
ipc timer_hz=100
ipc context_switches=10959
ipc free_pages_before=0
ipc free_pages_after=0
ipc correctness=ok
linux_exit_code=0
linux-bench % /bin/bench_ipc 33554432
ipc bytes=33554432
ipc pipe_capacity=4096
ipc elapsed_ticks=43
ipc timer_hz=100
ipc context_switches=12147
ipc free_pages_before=0
ipc free_pages_after=0
ipc correctness=ok
linux_exit_code=0
linux-bench % /bin/bench_ipc 33554432
ipc bytes=33554432
ipc pipe_capacity=4096
ipc elapsed_ticks=47
ipc timer_hz=100
ipc context_switches=12685
ipc free_pages_before=0
ipc free_pages_after=0
ipc correctness=ok
linux_exit_code=0
linux-bench % /bin/bench_ipc 33554432
ipc bytes=33554432
ipc pipe_capacity=4096
ipc elapsed_ticks=50
ipc timer_hz=100
ipc context_switches=11044
ipc free_pages_before=0
ipc free_pages_after=0
ipc correctness=ok
linux_exit_code=0
linux-bench % /bin/bench_ipc 33554432
ipc bytes=33554432
ipc pipe_capacity=4096
ipc elapsed_ticks=50
ipc timer_hz=100
ipc context_switches=13656
ipc free_pages_before=0
ipc free_pages_after=0
ipc correctness=ok
linux_exit_code=0
linux-bench % /bin/bench_ipc 33554432
ipc bytes=33554432
ipc pipe_capacity=4096
ipc elapsed_ticks=55
ipc timer_hz=100
ipc context_switches=15265
ipc free_pages_before=0
ipc free_pages_after=0
ipc correctness=ok
linux_exit_code=0
linux-bench % /bin/bench_ipc 33554432
ipc bytes=33554432
ipc pipe_capacity=4096
ipc elapsed_ticks=53
ipc timer_hz=100
ipc context_switches=14304
ipc free_pages_before=0
ipc free_pages_after=0
ipc correctness=ok
linux_exit_code=0
linux-bench % /bin/bench_ipc 33554432
ipc bytes=33554432
ipc pipe_capacity=4096
ipc elapsed_ticks=44
ipc timer_hz=100
ipc context_switches=12881
ipc free_pages_before=0
ipc free_pages_after=0
ipc correctness=ok
linux_exit_code=0
linux-bench % /bin/bench_ipc 33554432
ipc bytes=33554432
ipc pipe_capacity=4096
ipc elapsed_ticks=54
ipc timer_hz=100
ipc context_switches=11762
ipc free_pages_before=0
ipc free_pages_after=0
ipc correctness=ok
linux_exit_code=0
linux-bench % /bin/bench_ipc 33554432
ipc bytes=33554432
ipc pipe_capacity=4096
ipc elapsed_ticks=50
ipc timer_hz=100
ipc context_switches=11586
ipc free_pages_before=0
ipc free_pages_after=0
ipc correctness=ok
linux_exit_code=0
linux-bench % /bin/busybox cat /proc/stat
cpu  3236 0 582 12549 1 728 105 0 0 0
cpu0 799 0 196 3041 0 192 26 0 0 0
cpu1 1055 0 106 2903 0 203 32 0 0 0
cpu2 618 0 102 3561 0 112 19 0 0 0
cpu3 763 0 177 3042 1 219 27 0 0 0
intr 292998 289 9 0 0 5818 0 0 0 1 0 0 0 5 0 0 16 0 0 0 0 0 0 0 0 0 0 0 0 0 0 0 0 0 0 0 0 0 0 0 0 0 0 0 0 0 0 0 0 0 0 0 0 0 0 0 0 0 0 0 0 0 0 0 0 0 0 0 0 0 0 0 0 0 0 0 0 0 0 0 0 0 0 0 0 0 0 0 0 0 0 0 0 0 0 0 0 0 0 0 0 0 0 0 0 0 0 0 0 0 0 0 0 0 0 0 0 0 0 0 0 0 0 0 0 0 0 0 0 0 0 0 0 0 0 0 0 0 0 0 0 0 0 0 0 0 0 0 0 0 0 0 0 0 0 0 0 0 0 0 0 0 0 0 0 0 0 0 0 0 0 0 0 0 0 0 0 0 0 0 0 0 0 0 0 0 0 0 0 0 0 0 0 0 0 0 0 0 0 0 0 0 0 0 0 0 0 0 0 0 0 0 0 0 0 0 0 0 0 0 0 0 0 0 0 0 0 0 0 0 0 0 0 0 0 0 0 0 0 0 0 0 0 0 0 0 0 0 0 0 0 0 0 0 0 0 0 0 0 0 0 0 0 0 0 0 0 0 0 0 0 0 0 0 0 0 0 0 0 0 0 0 0 0 0 0 0 0 0 0 0 0 0 0 0 0 0 0 0 0 0 0 0 0 0 0 0 0 0 0 0 0 0 0 0 0 0 0 0 0 0 0 0 0 0 0 0 0 0 0 0 0 0 0 0 0 0 0 0 0 0 0 0 0 0 0 0 0 0 0 0 0 0 0 0 0 0 0 0 0 0 0 0 0 0 0 0 0 0 0 0 0 0 0 0 0 0 0 0 0 0 0 0 0 0 0 0 0 0 0 0 0 0 0 0 0 0 0 0 0 0 0 0 0 0 0 0 0 0 0 0 0 0 0 0 0 0 0 0 0 0 0 0 0 0 0 0 0 0 0 0 0 0 0 0 0 0 0 0 0 0 0 0 0 0 0 0 0 0 0 0 0 0 0 0 0 0
ctxt 462061
btime 1790962659
processes 927
procs_running 1
procs_blocked 0
softirq 24106 0 2940 0 0 6 0 1 13539 0 7620
linux_exit_code=0
linux-bench % 