stage1 ok
stage2 ok
a20 ok
e820 ok
kernel loaded ok
boot volume loaded ok
protected mode ok
paging ok
long mode ok
hello from os64 kernel
tss_rsp0=0x00000000001213D0
tss_ist1=0x00000000001233D0
tss_task_register=0x0000000000000028
tss_io_map_base=104
tss ok
idt ok
boot info ok
e820[0] base=0x0000000000000000 length=0x000000000009FC00 raw_type=0x0000000000000001 kind=usable
e820[1] base=0x000000000009FC00 length=0x0000000000000400 raw_type=0x0000000000000002 kind=reserved
e820[2] base=0x00000000000F0000 length=0x0000000000010000 raw_type=0x0000000000000002 kind=reserved
e820[3] base=0x0000000000100000 length=0x0000000007EE0000 raw_type=0x0000000000000001 kind=usable
e820[4] base=0x0000000007FE0000 length=0x0000000000020000 raw_type=0x0000000000000002 kind=reserved
e820[5] base=0x00000000FFFC0000 length=0x0000000000040000 raw_type=0x0000000000000002 kind=reserved
e820[6] base=0x000000FD00000000 length=0x0000000300000000 raw_type=0x0000000000000002 kind=reserved
e820 parse ok
direct_map_physical_limit=268435456
direct map ok
nx_enabled=1
direct_map_high_page_phys=0x0000000002000000
direct map high page ok
allocator_range[0] start=0x0000000000160000 end=0x0000000000170000
allocator_range[1] start=0x0000000000180000 end=0x0000000007FE0000
alloc_page_0=0x0000000000162000
alloc_page_1=0x0000000000163000
alloc_page_2=0x0000000000164000
free_pages_remaining=32363
page allocator ok
mapped_test_page=0x0000000000165000
mapped_virtual=0x0000000000200000
read_back_value=0x1122334455667788
map_page ok
address_space_kernel_root=0x0000000000001000
address_space_user_root=0x0000000000167000
address_space_user_base=0x0000000000400000
address_space_user_stack_top=0x0000000000800000
address_space_user_page_phys=0x000000000016D000
address_space_user_page_virt=0x0000000000400000
address_space_user_lookup=0x000000000016D000
address_space_mapped_user_pages=1
address_space ok
addr space ok
heap init ok
heap_small=0x0000000001000020
heap_large=0x0000000001001000
heap_large_page_aligned=1
heap_cross_page_value=0xFEDCBA9876543210
heap_reuse=0x0000000001000020
heap_coalesced=0x0000000001000060
heap_used_bytes=7056
heap_mapped_bytes=16384
heap_free_bytes=9232
heap alloc ok
kernel_memory_page_allocator=0x0000000000100018
kernel_memory_heap=0x0000000000104128
kmalloc_block=0x0000000001000480
kcalloc_block=0x00000000010004D0
kcalloc_zero_words=4
kobject_ptr=0x0000000001000510
kobject_sum=0x2222222222222222
kobject_aligned_ptr=0x0000000001000580
kobject_alignment=64
kobject_ctor_count=2
kobject_dtor_count=2
kernel_memory_active_before=3
kernel_memory_active_after=3
kernel memory ok
boot_volume_ptr=0x0000000000080000
boot_volume_start_lba=568
boot_volume_sector_count=128
boot_volume_sector_size=512
block_device_total_bytes=65536
block_device_sector0_prefix=0x335653463436534F
boot volume ok
os64fs_mount ok
os64fs_lookup ok
os64fs_text ok
os64fs_big_read ok
os64fs_signature=OS64FSV3
os64fs_volume_name=os64-root
os64fs_inode_count=32
os64fs_data_block_size=512
os64fs_inode_bitmap_sectors=1
os64fs_data_bitmap_sectors=1
os64fs_inode_used=8
os64fs_inode_free=23
os64fs_data_blocks=121
os64fs_data_used=19
os64fs_data_free=102
os64fs_root_entries=3
os64fs_docs_entries=4
os64fs_parent_lookup_inode=3
os64fs_hello_inode=6
os64fs_hello_elf_inode=7
os64fs_big_inode=8
os64fs_readme=os64fs readme: the 64-bit kernel now mounts a real read-only filesystem.
os64fs_guide=os64fs guide: stage2 only preloads raw sectors. the block device layer turns that memory into sector reads, and the filesystem layer resolves paths like docs/guide.txt inside the 64-bit kernel.
os64fs_big_markers=AHIJ
file_open ok
file_read_total=72
file_eof_read=0
file_stat_inode=5
file_layer ok
directory_open ok
directory_root_entries=3
directory_read_count=3
directory_rewind_index=0
directory_docs_first_inode=5
directory_docs_second_inode=6
directory_docs_third_inode=7
directory_docs_fourth_inode=8
directory_layer ok
vfs_mount ok
vfs_stat_inode=5
vfs_file_read_total=72
vfs_directory_entries=3
vfs_directory_first_inode=2
vfs_layer ok
fd_table ok
fd_open=0
fd_read_total=72
fd_eof_read=0
fd_open_count=0
fd_layer ok
syscall_context ok
sys_cwd=/
sys_root_entries=3
sys_cwd_after_cd=/docs
sys_listdir_count=4
sys_path_stat_inode=5
sys_write_stdout_payload=hello sys_write
sys_write_stderr_payload=error sys_write
sys_open=3
sys_stat_inode=5
sys_write_stdout_bytes=16
sys_write_stderr_bytes=16
sys_write_file_status=-6
sys_write_bad_fd=-4
sys_read_total=193
sys_eof_read=0
sys_open_count=0
syscall_layer ok
int80_cwd=/
int80_cwd_after_cd=/docs
int80_listdir_count=4
int80_path_stat_inode=5
int80_write_stdout_payload=hello int80_write
int80_write_stderr_payload=error int80_write
int80_open=3
int80_fd_stat_inode=5
int80_write_stdout_bytes=18
int80_write_stderr_bytes=18
int80_write_file_status=-6
int80_write_bad_fd=-4
int80_read_total=193
int80_eof_read=0
int80_open_count=0
int80_bad_result=0xFFFFFFFFFFFFFFFF
int80_syscall ok
user_mode_root=0x0000000000168000
user_mode_code_phys=0x000000000016F000
user_mode_stack_phys=0x0000000000181000
user_mode_entry=0x0000000000400000
user_mode_stack_top=0x0000000000800000
user_mode_program_size=445
user_mode_message=hello from ring3 via int80
user_mode_cwd=/
user_mode_readme_prefix=os64fs readme
user_mode_return_cs=0x0000000000000043
user_mode_return_cpl=3
user_mode_return_flags=0x0000000000000003
user mode ok
user_file_program_path=/docs/hello.bin
user_file_program_inode=6
user_file_program_root=0x0000000000168000
user_file_program_code_phys=0x000000000016F000
user_file_program_stack_phys=0x0000000000181000
user_file_program_entry=0x0000000000400000
user_file_program_stack_top=0x0000000000800000
user_file_program_size=87
user_file_program=hello from fs
user_file_program_return_cs=0x0000000000000043
user_file_program_return_cpl=3
user_file_program_return_flags=0x0000000000000020
user_file_program ok
user_elf_program_path=/docs/hello.elf
user_elf_program_inode=7
user_elf_program_root=0x0000000000168000
user_elf_program_first_page_phys=0x000000000016F000
user_elf_program_stack_phys=0x0000000000182000
user_elf_program_entry=0x00000000004000B0
user_elf_program_stack_top=0x0000000000800000
user_elf_program_file_size=656
user_elf_program_segment_count=2
user_elf_program_segment_vaddr=0x0000000000400000
user_elf_program_segment_offset=0x0000000000000000
user_elf_program_segment_filesz=267
user_elf_program_segment_memsz=267
user_elf_program_segment_flags=0x0000000000000005
user_elf_program_page_count=2
user_elf_program=hello from elf
user_elf_program_return_cs=0x0000000000000043
user_elf_program_return_cpl=3
user_elf_program_return_flags=0x0000000000000040
user_elf_program ok
filesystem ok
pic ok
pit ok
pit_frequency_hz=100
timer_tick=10
timer_tick=20
timer_wait_elapsed_ticks=3
timer_sleep_ms=50
timer_sleep_elapsed_ticks=5
timer ok
scheduler_elf_pid=1
scheduler_elf_tid=1
scheduler_elf_path=/docs/hello.elf
scheduler_elf_inode=7
scheduler_elf_root=0x0000000000169000
scheduler_elf_first_page_phys=0x0000000000181000
scheduler_elf_stack_phys=0x0000000000194000
scheduler_elf_entry=0x00000000004000B0
scheduler_elf_stack_top=0x0000000000800000
scheduler_elf_file_size=656
scheduler_elf_segment_count=2
scheduler_elf_segment_vaddr=0x0000000000400000
scheduler_elf_page_count=2
user_elf_program=hello from elf
scheduler_elf_return_cs=0x0000000000000043
scheduler_elf_return_cpl=3
scheduler_elf_return_flags=0x0000000000000040
scheduler_elf_process_cwd=/
scheduler_elf_open_count=0
scheduler_elf_tss_rsp0=0x00000000010147D0
scheduler_elf_process_state=exited
scheduler_elf_thread_state=finished
scheduler_elf_thread ok
sched_priority_pid=1
sched_priority_high_tid=1
sched_priority_normal_a_tid=2
sched_priority_normal_b_tid=3
sched_priority_background_tid=4
sched_sleep_pid=2
sched_sleep_thread_a_tid=5
sched_sleep_thread_b_tid=6
sched_block_pid=3
sched_block_waiter_tid=7
sched_block_waker_tid=8
sched_priority_trace=HABABC
sched_sleep_trace=ABAB
sched_block_trace=BWb
sched_priority_process_state=exited
sched_sleep_process_state=exited
sched_block_process_state=exited
sched_idle_priority=idle
sched_idle_dispatches=2
sched_total_ticks=9
sched_total_switches=20
sched_total_yields=5
sched_preempt_requests=6
sched_sleeping_after=0
sched_blocked_after=0
sched_ready_after=0
sched_live_after=0
scheduler ok
scheduler ok
keyboard init ok
keyboard irq1 enabled
keyboard_inject[0]=0x000000000000001E
keyboard_inject[1]=0x000000000000009E
keyboard_inject[2]=0x0000000000000030
keyboard_inject[3]=0x0000000000000002
keyboard_inject[4]=0x0000000000000039
keyboard_inject[5]=0x000000000000001C
keyboard_inject[6]=0x000000000000000E
keyboard_irq_count=7
keyboard_last_scancode=0x000000000000000E
keyboard_char_count=6
keyboard_char_0=0x0000000000000061
keyboard_char_1=0x0000000000000062
keyboard_char_2=0x0000000000000031
keyboard_char_3=0x0000000000000020
keyboard_char_4=0x000000000000000A
keyboard_char_5=0x0000000000000008
keyboard_buffer_remaining=0
keyboard_dropped_chars=0
stdin_block_pid=4
stdin_block_reader_tid=9
stdin_block_injector_tid=10
stdin_block_read=1
stdin_block_char=0x0000000000000061
stdin_block_buffer_remaining=0
stdin_inject[0]=0x00000000000000E0
stdin_inject[1]=0x0000000000000048
stdin_inject[2]=0x0000000000000018
stdin_inject[3]=0x0000000000000025
stdin_inject[4]=0x000000000000001C
stdin_sys_read=3
stdin_sys_empty=0
stdin_int80_inject[0]=0x00000000000000E0
stdin_int80_inject[1]=0x000000000000004B
stdin_int80_inject[2]=0x0000000000000017
stdin_int80_inject[3]=0x0000000000000013
stdin_int80_inject[4]=0x000000000000001C
stdin_int80_read=3
stdin_int80_empty=0
stdin_buffer_remaining=0
stdin_dropped_chars=0
stdin_syscall ok
keyboard ok
console_inject[0]=0x0000000000000018
console_inject[1]=0x000000000000001F
console_inject[2]=0x0000000000000039
console_inject[3]=0x0000000000000007
console_inject[4]=0x0000000000000006
console_inject[5]=0x000000000000000E
console_inject[6]=0x0000000000000005
console_inject[7]=0x000000000000001C
console_line_length=5
console_line=os 64
console_buffer_remaining=0
console input ok
shell_inject[0]=0x0000000000000023
shell_inject[1]=0x0000000000000012
shell_inject[2]=0x0000000000000026
shell_inject[3]=0x0000000000000019
shell_inject[4]=0x000000000000001C
os64 % commands:
help  - list commands
mem   - show free physical pages
ticks - show timer tick count
heap  - show kernel heap stats
disk  - show raw boot block device info
pwd   - show current directory
cd    - change current directory
ls    - list directory entries
cat   - print file contents
stat  - show inode metadata
touch - create an empty file
mkdir - create a directory
write - replace a file with text
append - append text to a file
rm    - remove a file or empty dir
sync  - flush filesystem metadata
run <path> [args] - run a user ELF and wait for exit
ps    - show processes and threads
reboot / shutdown - sync disk and restart / stop
irq   - show timer/keyboard irq stats
bootinfo - show boot handoff info
e820  - show boot memory map
smp   - show online CPUs and per-CPU user work
cpu   - show cpuid summary
uptime - show tick-based uptime
echo  - print text back
history - show recent commands
clear - clear console area
commands: /bin PATH lookup; quotes; | < > >> 2> ; && || &
jobs / wait - list / join background pipelines
dmesg / logsave PATH - inspect / save the bounded kernel log
perf - CPU, memory and scheduler counters
net / ping IPv4 - network counters / ICMP echo
shell_line=help
shell_line_length=4
shell_result=executed
shell_inject[0]=0x0000000000000032
shell_inject[1]=0x0000000000000012
shell_inject[2]=0x0000000000000032
shell_inject[3]=0x000000000000001C
os64 % mem_free_pages=31335
mem_free_bytes=128348160
shell_line=mem
shell_line_length=3
shell_result=executed
shell_inject[0]=0x0000000000000014
shell_inject[1]=0x0000000000000017
shell_inject[2]=0x000000000000002E
shell_inject[3]=0x0000000000000025
shell_inject[4]=0x000000000000001F
shell_inject[5]=0x000000000000001C
os64 % ticks_current=45
shell_line=ticks
shell_line_length=5
shell_result=executed
shell_inject[0]=0x0000000000000023
shell_inject[1]=0x0000000000000012
shell_inject[2]=0x000000000000001E
shell_inject[3]=0x0000000000000019
shell_inject[4]=0x000000000000001C
os64 % heap_used_bytes=160160
heap_mapped_bytes=4194304
heap_free_bytes=4033600
heap_active_allocations=17
heap_total_allocations=36
heap_failed_allocations=0
shell_line=heap
shell_line_length=4
shell_result=executed
shell_inject[0]=0x0000000000000020
shell_inject[1]=0x0000000000000017
shell_inject[2]=0x000000000000001F
shell_inject[3]=0x0000000000000025
shell_inject[4]=0x000000000000001C
os64 % disk_start_lba=568
disk_sector_count=128
disk_sector_size=512
disk_total_bytes=65536
disk_fs_version=3
disk_inode_bitmap_sectors=1
disk_data_bitmap_sectors=1
disk_inode_total=31
disk_inode_used=8
disk_inode_free=23
disk_data_blocks=121
disk_data_used=19
disk_data_free=102
shell_line=disk
shell_line_length=4
shell_result=executed
shell_inject[0]=0x0000000000000026
shell_inject[1]=0x000000000000001F
shell_inject[2]=0x000000000000001C
os64 % ls_path=/
ls_resolved_path=/
ls_entry_count=3
ls[0]=file readme.txt size=72
ls[1]=file notes.txt size=73
ls[2]=dir docs size=256
shell_line=ls
shell_line_length=2
shell_result=executed
shell_inject[0]=0x0000000000000026
shell_inject[1]=0x000000000000001F
shell_inject[2]=0x0000000000000039
shell_inject[3]=0x0000000000000020
shell_inject[4]=0x0000000000000018
shell_inject[5]=0x000000000000002E
shell_inject[6]=0x000000000000001F
shell_inject[7]=0x000000000000001C
os64 % ls_path=docs
ls_resolved_path=/docs
ls_entry_count=4
ls[0]=file guide.txt size=193
ls[1]=file hello.bin size=87
ls[2]=file hello.elf size=656
ls[3]=file big.txt size=5120
shell_line=ls docs
shell_line_length=7
shell_result=executed
shell_inject[0]=0x000000000000002E
shell_inject[1]=0x000000000000001E
shell_inject[2]=0x0000000000000014
shell_inject[3]=0x0000000000000039
shell_inject[4]=0x0000000000000013
shell_inject[5]=0x0000000000000012
shell_inject[6]=0x000000000000001E
shell_inject[7]=0x0000000000000020
shell_inject[8]=0x0000000000000032
shell_inject[9]=0x0000000000000012
shell_inject[10]=0x0000000000000034
shell_inject[11]=0x0000000000000014
shell_inject[12]=0x000000000000002D
shell_inject[13]=0x0000000000000014
shell_inject[14]=0x000000000000001C
os64 % cat_path=readme.txt
cat_resolved_path=/readme.txt
cat_size=72
os64fs readme: the 64-bit kernel now mounts a real read-only filesystem.
shell_line=cat readme.txt
shell_line_length=14
shell_result=executed
shell_inject[0]=0x000000000000002E
shell_inject[1]=0x000000000000001E
shell_inject[2]=0x0000000000000014
shell_inject[3]=0x0000000000000039
shell_inject[4]=0x0000000000000035
shell_inject[5]=0x0000000000000020
shell_inject[6]=0x0000000000000018
shell_inject[7]=0x000000000000002E
shell_inject[8]=0x000000000000001F
shell_inject[9]=0x0000000000000035
shell_inject[10]=0x0000000000000022
shell_inject[11]=0x0000000000000016
shell_inject[12]=0x0000000000000017
shell_inject[13]=0x0000000000000020
shell_inject[14]=0x0000000000000012
shell_inject[15]=0x0000000000000034
shell_inject[16]=0x0000000000000014
shell_inject[17]=0x000000000000002D
shell_inject[18]=0x0000000000000014
shell_inject[19]=0x000000000000001C
os64 % cat_path=/docs/guide.txt
cat_resolved_path=/docs/guide.txt
cat_size=193
os64fs guide: stage2 only preloads raw sectors. the block device layer turns that memory into sector reads, and the filesystem layer resolves paths like docs/guide.txt inside the 64-bit kernel.
shell_line=cat /docs/guide.txt
shell_line_length=19
shell_result=executed
shell_inject[0]=0x000000000000001F
shell_inject[1]=0x0000000000000014
shell_inject[2]=0x000000000000001E
shell_inject[3]=0x0000000000000014
shell_inject[4]=0x0000000000000039
shell_inject[5]=0x0000000000000020
shell_inject[6]=0x0000000000000018
shell_inject[7]=0x000000000000002E
shell_inject[8]=0x000000000000001F
shell_inject[9]=0x0000000000000035
shell_inject[10]=0x0000000000000022
shell_inject[11]=0x0000000000000016
shell_inject[12]=0x0000000000000017
shell_inject[13]=0x0000000000000020
shell_inject[14]=0x0000000000000012
shell_inject[15]=0x0000000000000034
shell_inject[16]=0x0000000000000014
shell_inject[17]=0x000000000000002D
shell_inject[18]=0x0000000000000014
shell_inject[19]=0x000000000000001C
os64 % stat_path=docs/guide.txt
stat_resolved_path=/docs/guide.txt
stat_inode=5
stat_type=file
stat_size=193
stat_links=1
stat_blocks=1
stat_mode=420
stat_block_0=4
shell_line=stat docs/guide.txt
shell_line_length=19
shell_result=executed
shell_inject[0]=0x000000000000001F
shell_inject[1]=0x0000000000000014
shell_inject[2]=0x000000000000001E
shell_inject[3]=0x0000000000000014
shell_inject[4]=0x0000000000000039
shell_inject[5]=0x0000000000000020
shell_inject[6]=0x0000000000000018
shell_inject[7]=0x000000000000002E
shell_inject[8]=0x000000000000001F
shell_inject[9]=0x0000000000000035
shell_inject[10]=0x0000000000000034
shell_inject[11]=0x0000000000000034
shell_inject[12]=0x0000000000000035
shell_inject[13]=0x0000000000000031
shell_inject[14]=0x0000000000000018
shell_inject[15]=0x0000000000000014
shell_inject[16]=0x0000000000000012
shell_inject[17]=0x000000000000001F
shell_inject[18]=0x0000000000000034
shell_inject[19]=0x0000000000000014
shell_inject[20]=0x000000000000002D
shell_inject[21]=0x0000000000000014
shell_inject[22]=0x000000000000001C
os64 % stat_path=docs/../notes.txt
stat_resolved_path=/notes.txt
stat_inode=3
stat_type=file
stat_size=73
stat_links=1
stat_blocks=1
stat_mode=420
stat_block_0=2
shell_line=stat docs/../notes.txt
shell_line_length=22
shell_result=executed
shell_inject[0]=0x0000000000000019
shell_inject[1]=0x0000000000000011
shell_inject[2]=0x0000000000000020
shell_inject[3]=0x000000000000001C
os64 % pwd_path=/
shell_line=pwd
shell_line_length=3
shell_result=executed
shell_inject[0]=0x000000000000002E
shell_inject[1]=0x0000000000000020
shell_inject[2]=0x0000000000000039
shell_inject[3]=0x0000000000000020
shell_inject[4]=0x0000000000000018
shell_inject[5]=0x000000000000002E
shell_inject[6]=0x000000000000001F
shell_inject[7]=0x000000000000001C
os64 % cwd_path=/docs
shell_line=cd docs
shell_line_length=7
shell_result=executed
shell_inject[0]=0x0000000000000019
shell_inject[1]=0x0000000000000011
shell_inject[2]=0x0000000000000020
shell_inject[3]=0x000000000000001C
os64 % pwd_path=/docs
shell_line=pwd
shell_line_length=3
shell_result=executed
shell_inject[0]=0x0000000000000026
shell_inject[1]=0x000000000000001F
shell_inject[2]=0x000000000000001C
os64 % ls_path=/docs
ls_resolved_path=/docs
ls_entry_count=4
ls[0]=file guide.txt size=193
ls[1]=file hello.bin size=87
ls[2]=file hello.elf size=656
ls[3]=file big.txt size=5120
shell_line=ls
shell_line_length=2
shell_result=executed
shell_inject[0]=0x000000000000002E
shell_inject[1]=0x000000000000001E
shell_inject[2]=0x0000000000000014
shell_inject[3]=0x0000000000000039
shell_inject[4]=0x0000000000000022
shell_inject[5]=0x0000000000000016
shell_inject[6]=0x0000000000000017
shell_inject[7]=0x0000000000000020
shell_inject[8]=0x0000000000000012
shell_inject[9]=0x0000000000000034
shell_inject[10]=0x0000000000000014
shell_inject[11]=0x000000000000002D
shell_inject[12]=0x0000000000000014
shell_inject[13]=0x000000000000001C
os64 % cat_path=guide.txt
cat_resolved_path=/docs/guide.txt
cat_size=193
os64fs guide: stage2 only preloads raw sectors. the block device layer turns that memory into sector reads, and the filesystem layer resolves paths like docs/guide.txt inside the 64-bit kernel.
shell_line=cat guide.txt
shell_line_length=13
shell_result=executed
shell_inject[0]=0x0000000000000013
shell_inject[1]=0x0000000000000016
shell_inject[2]=0x0000000000000031
shell_inject[3]=0x0000000000000039
shell_inject[4]=0x0000000000000023
shell_inject[5]=0x0000000000000012
shell_inject[6]=0x0000000000000026
shell_inject[7]=0x0000000000000026
shell_inject[8]=0x0000000000000018
shell_inject[9]=0x0000000000000034
shell_inject[10]=0x0000000000000012
shell_inject[11]=0x0000000000000026
shell_inject[12]=0x0000000000000021
shell_inject[13]=0x000000000000001C
os64 % run_path=hello.elf
run_resolved_path=/docs/hello.elf
run_inode=7
run_pid=1
run_tid=1
run_entry=0x00000000004000B0
run_stack_top=0x0000000000800000
run_segment_count=2
run_page_count=2
run_return_flags=0x0000000000000040
run_process_state=exited
run_thread_state=finished
run_exit_code=4194371
shell_line=run hello.elf
shell_line_length=13
shell_result=executed
shell_inject[0]=0x0000000000000017
shell_inject[1]=0x0000000000000013
shell_inject[2]=0x0000000000000010
shell_inject[3]=0x000000000000001C
os64 % irq_timer_ticks=59
irq_timer_frequency_hz=100
irq_keyboard_count=191
irq_keyboard_buffered_chars=0
irq_keyboard_dropped_chars=0
shell_line=irq
shell_line_length=3
shell_result=executed
shell_inject[0]=0x0000000000000030
shell_inject[1]=0x0000000000000018
shell_inject[2]=0x0000000000000018
shell_inject[3]=0x0000000000000014
shell_inject[4]=0x0000000000000017
shell_inject[5]=0x0000000000000031
shell_inject[6]=0x0000000000000021
shell_inject[7]=0x0000000000000018
shell_inject[8]=0x000000000000001C
os64 % bootinfo_magic=0x000000003436534F
bootinfo_memory_map_count=7
bootinfo_memory_map_entry_size=24
bootinfo_memory_map_ptr=0x00000000000080BA
bootinfo_boot_volume_ptr=0x0000000000080000
bootinfo_boot_volume_start_lba=568
bootinfo_boot_volume_sector_count=128
bootinfo_boot_volume_sector_size=512
shell_line=bootinfo
shell_line_length=8
shell_result=executed
shell_inject[0]=0x0000000000000012
shell_inject[1]=0x0000000000000009
shell_inject[2]=0x0000000000000003
shell_inject[3]=0x000000000000000B
shell_inject[4]=0x000000000000001C
os64 % e820_count=7
e820_shell[0] base=0x0000000000000000 length=0x000000000009FC00 raw_type=0x0000000000000001 kind=usable
e820_shell[1] base=0x000000000009FC00 length=0x0000000000000400 raw_type=0x0000000000000002 kind=reserved
e820_shell[2] base=0x00000000000F0000 length=0x0000000000010000 raw_type=0x0000000000000002 kind=reserved
e820_shell[3] base=0x0000000000100000 length=0x0000000007EE0000 raw_type=0x0000000000000001 kind=usable
e820_shell[4] base=0x0000000007FE0000 length=0x0000000000020000 raw_type=0x0000000000000002 kind=reserved
e820_shell[5] base=0x00000000FFFC0000 length=0x0000000000040000 raw_type=0x0000000000000002 kind=reserved
e820_shell[6] base=0x000000FD00000000 length=0x0000000300000000 raw_type=0x0000000000000002 kind=reserved
shell_line=e820
shell_line_length=4
shell_result=executed
shell_inject[0]=0x000000000000002E
shell_inject[1]=0x0000000000000019
shell_inject[2]=0x0000000000000016
shell_inject[3]=0x000000000000001C
os64 % cpu_vendor=AuthenticAMD
cpu_max_basic_leaf=0x000000000000000D
cpu_max_extended_leaf=0x000000008000000A
cpu_long_mode=1
shell_line=cpu
shell_line_length=3
shell_result=executed
shell_inject[0]=0x000000000000002D
shell_inject[1]=0x0000000000000012
shell_inject[2]=0x000000000000002E
shell_inject[3]=0x0000000000000023
shell_inject[4]=0x0000000000000018
shell_inject[5]=0x0000000000000039
shell_inject[6]=0x0000000000000023
shell_inject[7]=0x0000000000000017
shell_inject[8]=0x0000000000000005
shell_inject[9]=0x0000000000000003
shell_inject[10]=0x000000000000002C
shell_inject[11]=0x00000000000000E0
shell_inject[12]=0x0000000000000047
shell_inject[13]=0x00000000000000E0
shell_inject[14]=0x000000000000004D
shell_inject[15]=0x00000000000000E0
shell_inject[16]=0x000000000000004B
shell_inject[17]=0x00000000000000E0
shell_inject[18]=0x0000000000000053
shell_inject[19]=0x00000000000000E0
shell_inject[20]=0x000000000000004F
shell_inject[21]=0x00000000000000E0
shell_inject[22]=0x000000000000004B
shell_inject[23]=0x00000000000000E0
shell_inject[24]=0x000000000000004D
shell_inject[25]=0x000000000000000E
shell_inject[26]=0x000000000000001C
os64 % hi42
shell_line=echo hi42
shell_line_length=9
shell_result=executed
shell_inject[0]=0x0000000000000016
shell_inject[1]=0x0000000000000019
shell_inject[2]=0x0000000000000014
shell_inject[3]=0x0000000000000017
shell_inject[4]=0x0000000000000032
shell_inject[5]=0x0000000000000012
shell_inject[6]=0x000000000000001C
os64 % uptime_ticks=63
uptime_frequency_hz=100
uptime_ms=630
shell_line=uptime
shell_line_length=6
shell_result=executed
shell_inject[0]=0x0000000000000023
shell_inject[1]=0x0000000000000017
shell_inject[2]=0x000000000000001F
shell_inject[3]=0x0000000000000014
shell_inject[4]=0x0000000000000018
shell_inject[5]=0x0000000000000013
shell_inject[6]=0x0000000000000015
shell_inject[7]=0x000000000000001C
os64 % history_buffered=24
history_total=24
history[1]=help
history[2]=mem
history[3]=ticks
history[4]=heap
history[5]=disk
history[6]=ls
history[7]=ls docs
history[8]=cat readme.txt
history[9]=cat /docs/guide.txt
history[10]=stat docs/guide.txt
history[11]=stat docs/../notes.txt
history[12]=pwd
history[13]=cd docs
history[14]=pwd
history[15]=ls
history[16]=cat guide.txt
history[17]=run hello.elf
history[18]=irq
history[19]=bootinfo
history[20]=e820
history[21]=cpu
history[22]=echo hi42
history[23]=uptime
history[24]=history
shell_line=history
shell_line_length=7
shell_result=executed
shell_inject[0]=0x00000000000000E0
shell_inject[1]=0x0000000000000048
shell_inject[2]=0x00000000000000E0
shell_inject[3]=0x0000000000000048
shell_inject[4]=0x00000000000000E0
shell_inject[5]=0x0000000000000050
shell_inject[6]=0x000000000000001C
os64 % history_buffered=24
history_total=25
history[2]=mem
history[3]=ticks
history[4]=heap
history[5]=disk
history[6]=ls
history[7]=ls docs
history[8]=cat readme.txt
history[9]=cat /docs/guide.txt
history[10]=stat docs/guide.txt
history[11]=stat docs/../notes.txt
history[12]=pwd
history[13]=cd docs
history[14]=pwd
history[15]=ls
history[16]=cat guide.txt
history[17]=run hello.elf
history[18]=irq
history[19]=bootinfo
history[20]=e820
history[21]=cpu
history[22]=echo hi42
history[23]=uptime
history[24]=history
history[25]=history
shell_line=history
shell_line_length=7
shell_result=executed
shell_inject[0]=0x000000000000002E
shell_inject[1]=0x0000000000000026
shell_inject[2]=0x0000000000000012
shell_inject[3]=0x000000000000001E
shell_inject[4]=0x0000000000000013
shell_inject[5]=0x000000000000001C
os64 % shell_line=clear
shell_line_length=5
shell_result=executed
shell_inject[0]=0x0000000000000030
shell_inject[1]=0x000000000000001E
shell_inject[2]=0x0000000000000020
shell_inject[3]=0x000000000000001C
os64 % unknown command: bad
shell_line=bad
shell_line_length=3
shell_result=unknown
user_thread_pid=5
user_thread_tid=11
user_thread_helper_tid=12
user_thread_kernel_cwd_before=/docs
user_thread_process_cwd_before=/
user_thread_root=0x0000000000169000
user_thread_code_phys=0x0000000000181000
user_thread_stack_phys=0x0000000000183000
user_thread_preempt_shared_phys=0x0000000000182000
user_thread_entry=0x0000000000400000
user_thread_preempt_shared_virt=0x0000000000401000
user_thread_stack_top=0x0000000000800000
user_thread_kernel_entry_stack_top=0x0000000001028910
user_thread_program_size=920
user_mode_message=hello from ring3 via int80
user_mode_cwd=/
user_mode_readme_prefix=os64fs readme
user_mode_yield_before=1
user_mode_yield_after=1
user_mode_preempt_before=1
user_mode_preempt_after=1
user_mode_stdin_before=1
user_mode_stdin_after=1
user_thread_return_cs=0x0000000000000043
user_thread_return_cpl=3
user_thread_return_flags=0x000000000000001F
user_thread_kernel_cwd_after=/docs
user_thread_process_cwd_after=/
user_thread_open_count=0
user_thread_tss_rsp0=0x0000000001028910
user_thread_kernel_root=0x0000000000001000
user_thread_helper_runs=3
user_thread_helper_stack_base=0x0000000001028930
user_thread_helper_resume_root=0x0000000000001000
user_thread_helper_preempt_signals=1
user_thread_yield_count=1
user_thread_total_yield_count=2
user_thread_preempt_count=1
user_thread_preempt_arm_flag=1
user_thread_preempt_done_flag=1
user_thread_stdin_arm_flag=1
user_thread_stdin_done_flag=1
user_thread_helper_stdin_signals=1
user_thread_helper_block_observed=1
user_thread_trap_cs=0x0000000000000043
user_thread_trap_ss=0x000000000000003B
user_thread_trap_rip=0x0000000000400293
user_thread_trap_rsp=0x0000000000800000
user_thread_preempt_trap_vector=0x0000000000000020
user_thread_preempt_trap_cs=0x0000000000000043
user_thread_preempt_trap_ss=0x000000000000003B
user_thread_preempt_trap_rip=0x00000000004001DB
user_thread_preempt_trap_rsp=0x00000000007FFFC0
user_thread_process_state=exited
user_thread_state=finished
user thread ok
os64fs_write_enter=1
os64fs_write_mount_ok=1
os64fs_write_create_dir=1
os64fs_write_create_file=1
os64fs_write_write=1
os64fs_write_append=1
os64fs_write_create_subdir=1
os64fs_write_unlink_subdir=1
os64fs_write_unlink_file=1
os64fs_write_stat_ok=1
os64fs_write_remount=1
os64fs_write_file_open=1
os64fs_write_dir_open=1
os64fs_write_sync=1
os64fs_write_lab_entries=1
os64fs_write_note_size=10
os64fs_write_note_text=alpha+beta
os64fs_write_inode_used=10
os64fs_write_inode_free=21
os64fs_write_data_used=21
os64fs_write_data_free=100
os64fs_write ok
fs write ok
shell ok
storage_backend=ata-pio
network_ready=0
shell_process_pid=1
shell_thread_tid=1
smp_online_cpus=2
shell thread ok
shell_thread_started_pid=1
shell_thread_started_tid=1
os64 % r[K[1Dru[K[2Drun[K[3Drun [K[4Drun /[K[5Drun /b[K[6Drun /bi[K[7Drun /bin[K[8Drun /bin/[K[9Drun /bin/f[K[10Drun /bin/fp[K[11Drun /bin/fp_[K[12Drun /bin/fp_t[K[13Drun /bin/fp_te[K[14Drun /bin/fp_tes[K[15Drun /bin/fp_test[K
run_path=/bin/fp_test
run_resolved_path=/bin/fp_test
run_inode=19
run_pid=2
run_tid=3
run_entry=0x00000000004000B0
run_stack_top=0x0000000000800000
run_segment_count=2
run_page_count=2
fp_test SSE_x87_isolation_ok
run_return_flags=0x0000000000000000
run_process_state=exited
run_thread_state=finished
run_exit_code=0
os64 % r[K[1Dru[K[2Drun[K[3Drun [K[4Drun /[K[5Drun /b[K[6Drun /bi[K[7Drun /bin[K[8Drun /bin/[K[9Drun /bin/p[K[10Drun /bin/pe[K[11Drun /bin/per[K[12Drun /bin/perf[K[13Drun /bin/perf_[K[14Drun /bin/perf_t[K[15Drun /bin/perf_te[K[16Drun /bin/perf_tes[K[17Drun /bin/perf_test[K
run_path=/bin/perf_test
run_resolved_path=/bin/perf_test
run_inode=26
run_pid=15
run_tid=16
run_entry=0x00000000004000B0
run_stack_top=0x0000000000800000
run_segment_count=2
run_page_count=2
perf_test snapshot_logs_bad_pointers_ok
run_return_flags=0x0000000000000000
run_process_state=exited
run_thread_state=finished
run_exit_code=0
os64 % r[K[1Dru[K[2Drun[K[3Drun [K[4Drun /[K[5Drun /b[K[6Drun /bi[K[7Drun /bin[K[8Drun /bin/[K[9Drun /bin/s[K[10Drun /bin/sc[K[11Drun /bin/sch[K[12Drun /bin/sche[K[13Drun /bin/sched[K[14Drun /bin/sched_[K[15Drun /bin/sched_t[K[16Drun /bin/sched_te[K[17Drun /bin/sched_tes[K[18Drun /bin/sched_test[K
run_path=/bin/sched_test
run_resolved_path=/bin/sched_test
run_inode=30
run_pid=16
run_tid=17
run_entry=0x00000000004000B0
run_stack_top=0x0000000000800000
run_segment_count=2
run_page_count=2
sched_test eight_workers_progress_before_first_exit_ok
run_return_flags=0x0000000000000000
run_process_state=exited
run_thread_state=finished
run_exit_code=0
os64 % r[K[1Dru[K[2Drun[K[3Drun [K[4Drun /[K[5Drun /b[K[6Drun /bi[K[7Drun /bin[K[8Drun /bin/[K[9Drun /bin/s[K[10Drun /bin/sm[K[11Drun /bin/smp[K[12Drun /bin/smp_[K[13Drun /bin/smp_t[K[14Drun /bin/smp_te[K[15Drun /bin/smp_tes[K[16Drun /bin/smp_test[K
run_path=/bin/smp_test
run_resolved_path=/bin/smp_test
run_inode=32
run_pid=25
run_tid=26
run_entry=0x00000000004000B0
run_stack_top=0x0000000000800000
run_segment_count=2
run_page_count=3
stackfault: testing unmapped stack guard
user_fault_vector=14
nxfault: testing non-executable data
user_fault_vector=14
stackfault: testing unmapped stack guard
user_fault_vector=14
nxfault: testing non-executable data
user_fault_vector=14
stackfault: testing unmapped stack guard
user_fault_vector=14
nxfault: testing non-executable data
user_fault_vector=14
stackfault: testing unmapped stack guard
user_fault_vector=14
nxfault: testing non-executable data
user_fault_vector=14
smp_test online_cpus=2
smp_test worker_cpu_mask=3
smp_test free_pages_before=31300
smp_test free_pages_after=31300
smp_test twelve_workers_pin_compute_wake_resources_ok
run_return_flags=0x0000000000000000
run_process_state=exited
run_thread_state=finished
run_exit_code=0
os64 % r[K[1Dru[K[2Drun[K[3Drun [K[4Drun /[K[5Drun /b[K[6Drun /bi[K[7Drun /bin[K[8Drun /bin/[K[9Drun /bin/b[K[10Drun /bin/be[K[11Drun /bin/ben[K[12Drun /bin/benc[K[13Drun /bin/bench[K[14Drun /bin/bench [K[15Drun /bin/bench 8[K[16Drun /bin/bench 8 [K[17Drun /bin/bench 8 2[K[18Drun /bin/bench 8 20[K[19Drun /bin/bench 8 200[K[20Drun /bin/bench 8 2000[K[21Drun /bin/bench 8 20000[K[22Drun /bin/bench 8 200000[K[23Drun /bin/bench 8 2000000[K[24Drun /bin/bench 8 2000000 [K[25Drun /bin/bench 8 2000000 0[K
run_path=/bin/bench
run_resolved_path=/bin/bench
run_inode=11
run_pid=46
run_tid=47
run_entry=0x00000000004000B0
run_stack_top=0x0000000000800000
run_segment_count=2
run_page_count=2
bench workers=8
bench iterations_per_worker=2000000
bench yield_every=0
bench elapsed_ticks=5
bench timer_hz=100
bench context_switches=12
bench preempt_requests=4
bench checksum8_sum=1419
bench free_pages_before=31301
bench free_pages_after=31301
bench correctness=ok
run_return_flags=0x0000000000000000
run_process_state=exited
run_thread_state=finished
run_exit_code=0
os64 % r[K[1Dru[K[2Drun[K[3Drun [K[4Drun /[K[5Drun /b[K[6Drun /bi[K[7Drun /bin[K[8Drun /bin/[K[9Drun /bin/b[K[10Drun /bin/be[K[11Drun /bin/ben[K[12Drun /bin/benc[K[13Drun /bin/bench[K[14Drun /bin/bench [K[15Drun /bin/bench 1[K[16Drun /bin/bench 12[K[17Drun /bin/bench 12 [K[18Drun /bin/bench 12 2[K[19Drun /bin/bench 12 20[K[20Drun /bin/bench 12 200[K[21Drun /bin/bench 12 2000[K[22Drun /bin/bench 12 20000[K[23Drun /bin/bench 12 200000[K[24Drun /bin/bench 12 2000000[K[25Drun /bin/bench 12 2000000 [K[26Drun /bin/bench 12 2000000 0[K
run_path=/bin/bench
run_resolved_path=/bin/bench
run_inode=11
run_pid=55
run_tid=56
run_entry=0x00000000004000B0
run_stack_top=0x0000000000800000
run_segment_count=2
run_page_count=2
bench workers=12
bench iterations_per_worker=2000000
bench yield_every=0
bench elapsed_ticks=6
bench timer_hz=100
bench context_switches=18
bench preempt_requests=5
bench checksum8_sum=1987
bench free_pages_before=31301
bench free_pages_after=31301
bench correctness=ok
run_return_flags=0x0000000000000000
run_process_state=exited
run_thread_state=finished
run_exit_code=0
os64 % r[K[1Dru[K[2Drun[K[3Drun [K[4Drun /[K[5Drun /b[K[6Drun /bi[K[7Drun /bin[K[8Drun /bin/[K[9Drun /bin/b[K[10Drun /bin/be[K[11Drun /bin/ben[K[12Drun /bin/benc[K[13Drun /bin/bench[K[14Drun /bin/bench [K[15Drun /bin/bench 8[K[16Drun /bin/bench 8 [K[17Drun /bin/bench 8 2[K[18Drun /bin/bench 8 20[K[19Drun /bin/bench 8 200[K[20Drun /bin/bench 8 2000[K[21Drun /bin/bench 8 20000[K[22Drun /bin/bench 8 200000[K[23Drun /bin/bench 8 2000000[K[24Drun /bin/bench 8 2000000 [K[25Drun /bin/bench 8 2000000 6[K[26Drun /bin/bench 8 2000000 65[K[27Drun /bin/bench 8 2000000 655[K[28Drun /bin/bench 8 2000000 6553[K[29Drun /bin/bench 8 2000000 65536[K
run_path=/bin/bench
run_resolved_path=/bin/bench
run_inode=11
run_pid=68
run_tid=69
run_entry=0x00000000004000B0
run_stack_top=0x0000000000800000
run_segment_count=2
run_page_count=2
bench workers=8
bench iterations_per_worker=2000000
bench yield_every=65536
bench elapsed_ticks=4
bench timer_hz=100
bench context_switches=246
bench preempt_requests=5
bench checksum8_sum=1419
bench free_pages_before=31301
bench free_pages_after=31301
bench correctness=ok
run_return_flags=0x0000000000000000
run_process_state=exited
run_thread_state=finished
run_exit_code=0
os64 % r[K[1Dru[K[2Drun[K[3Drun [K[4Drun /[K[5Drun /b[K[6Drun /bi[K[7Drun /bin[K[8Drun /bin/[K[9Drun /bin/b[K[10Drun /bin/be[K[11Drun /bin/ben[K[12Drun /bin/benc[K[13Drun /bin/bench[K[14Drun /bin/bench [K[15Drun /bin/bench 1[K[16Drun /bin/bench 12[K[17Drun /bin/bench 12 [K[18Drun /bin/bench 12 2[K[19Drun /bin/bench 12 20[K[20Drun /bin/bench 12 200[K[21Drun /bin/bench 12 2000[K[22Drun /bin/bench 12 20000[K[23Drun /bin/bench 12 200000[K[24Drun /bin/bench 12 2000000[K[25Drun /bin/bench 12 2000000 [K[26Drun /bin/bench 12 2000000 6[K[27Drun /bin/bench 12 2000000 65[K[28Drun /bin/bench 12 2000000 655[K[29Drun /bin/bench 12 2000000 6553[K[30Drun /bin/bench 12 2000000 65536[K
run_path=/bin/bench
run_resolved_path=/bin/bench
run_inode=11
run_pid=77
run_tid=78
run_entry=0x00000000004000B0
run_stack_top=0x0000000000800000
run_segment_count=2
run_page_count=2
bench workers=12
bench iterations_per_worker=2000000
bench yield_every=65536
bench elapsed_ticks=7
bench timer_hz=100
bench context_switches=371
bench preempt_requests=8
bench checksum8_sum=1987
bench free_pages_before=31301
bench free_pages_after=31301
bench correctness=ok
run_return_flags=0x0000000000000000
run_process_state=exited
run_thread_state=finished
run_exit_code=0
os64 % r[K[1Dru[K[2Drun[K[3Drun [K[4Drun /[K[5Drun /b[K[6Drun /bi[K[7Drun /bin[K[8Drun /bin/[K[9Drun /bin/b[K[10Drun /bin/be[K[11Drun /bin/ben[K[12Drun /bin/benc[K[13Drun /bin/bench[K[14Drun /bin/bench [K[15Drun /bin/bench 8[K[16Drun /bin/bench 8 [K[17Drun /bin/bench 8 2[K[18Drun /bin/bench 8 20[K[19Drun /bin/bench 8 200[K[20Drun /bin/bench 8 2000[K[21Drun /bin/bench 8 20000[K[22Drun /bin/bench 8 200000[K[23Drun /bin/bench 8 2000000[K[24Drun /bin/bench 8 2000000 [K[25Drun /bin/bench 8 2000000 0[K
run_path=/bin/bench
run_resolved_path=/bin/bench
run_inode=11
run_pid=90
run_tid=91
run_entry=0x00000000004000B0
run_stack_top=0x0000000000800000
run_segment_count=2
run_page_count=2
bench workers=8
bench iterations_per_worker=2000000
bench yield_every=0
bench elapsed_ticks=4
bench timer_hz=100
bench context_switches=12
bench preempt_requests=4
bench checksum8_sum=1419
bench free_pages_before=31301
bench free_pages_after=31301
bench correctness=ok
run_return_flags=0x0000000000000000
run_process_state=exited
run_thread_state=finished
run_exit_code=0
os64 % r[K[1Dru[K[2Drun[K[3Drun [K[4Drun /[K[5Drun /b[K[6Drun /bi[K[7Drun /bin[K[8Drun /bin/[K[9Drun /bin/b[K[10Drun /bin/be[K[11Drun /bin/ben[K[12Drun /bin/benc[K[13Drun /bin/bench[K[14Drun /bin/bench [K[15Drun /bin/bench 1[K[16Drun /bin/bench 12[K[17Drun /bin/bench 12 [K[18Drun /bin/bench 12 2[K[19Drun /bin/bench 12 20[K[20Drun /bin/bench 12 200[K[21Drun /bin/bench 12 2000[K[22Drun /bin/bench 12 20000[K[23Drun /bin/bench 12 200000[K[24Drun /bin/bench 12 2000000[K[25Drun /bin/bench 12 2000000 [K[26Drun /bin/bench 12 2000000 0[K
run_path=/bin/bench
run_resolved_path=/bin/bench
run_inode=11
run_pid=99
run_tid=100
run_entry=0x00000000004000B0
run_stack_top=0x0000000000800000
run_segment_count=2
run_page_count=2
bench workers=12
bench iterations_per_worker=2000000
bench yield_every=0
bench elapsed_ticks=5
bench timer_hz=100
bench context_switches=18
bench preempt_requests=4
bench checksum8_sum=1987
bench free_pages_before=31301
bench free_pages_after=31301
bench correctness=ok
run_return_flags=0x0000000000000000
run_process_state=exited
run_thread_state=finished
run_exit_code=0
os64 % r[K[1Dru[K[2Drun[K[3Drun [K[4Drun /[K[5Drun /b[K[6Drun /bi[K[7Drun /bin[K[8Drun /bin/[K[9Drun /bin/b[K[10Drun /bin/be[K[11Drun /bin/ben[K[12Drun /bin/benc[K[13Drun /bin/bench[K[14Drun /bin/bench [K[15Drun /bin/bench 8[K[16Drun /bin/bench 8 [K[17Drun /bin/bench 8 2[K[18Drun /bin/bench 8 20[K[19Drun /bin/bench 8 200[K[20Drun /bin/bench 8 2000[K[21Drun /bin/bench 8 20000[K[22Drun /bin/bench 8 200000[K[23Drun /bin/bench 8 2000000[K[24Drun /bin/bench 8 2000000 [K[25Drun /bin/bench 8 2000000 6[K[26Drun /bin/bench 8 2000000 65[K[27Drun /bin/bench 8 2000000 655[K[28Drun /bin/bench 8 2000000 6553[K[29Drun /bin/bench 8 2000000 65536[K
run_path=/bin/bench
run_resolved_path=/bin/bench
run_inode=11
run_pid=112
run_tid=113
run_entry=0x00000000004000B0
run_stack_top=0x0000000000800000
run_segment_count=2
run_page_count=2
bench workers=8
bench iterations_per_worker=2000000
bench yield_every=65536
bench elapsed_ticks=5
bench timer_hz=100
bench context_switches=249
bench preempt_requests=7
bench checksum8_sum=1419
bench free_pages_before=31301
bench free_pages_after=31301
bench correctness=ok
run_return_flags=0x0000000000000000
run_process_state=exited
run_thread_state=finished
run_exit_code=0
os64 % r[K[1Dru[K[2Drun[K[3Drun [K[4Drun /[K[5Drun /b[K[6Drun /bi[K[7Drun /bin[K[8Drun /bin/[K[9Drun /bin/b[K[10Drun /bin/be[K[11Drun /bin/ben[K[12Drun /bin/benc[K[13Drun /bin/bench[K[14Drun /bin/bench [K[15Drun /bin/bench 1[K[16Drun /bin/bench 12[K[17Drun /bin/bench 12 [K[18Drun /bin/bench 12 2[K[19Drun /bin/bench 12 20[K[20Drun /bin/bench 12 200[K[21Drun /bin/bench 12 2000[K[22Drun /bin/bench 12 20000[K[23Drun /bin/bench 12 200000[K[24Drun /bin/bench 12 2000000[K[25Drun /bin/bench 12 2000000 [K[26Drun /bin/bench 12 2000000 6[K[27Drun /bin/bench 12 2000000 65[K[28Drun /bin/bench 12 2000000 655[K[29Drun /bin/bench 12 2000000 6553[K[30Drun /bin/bench 12 2000000 65536[K
run_path=/bin/bench
run_resolved_path=/bin/bench
run_inode=11
run_pid=121
run_tid=122
run_entry=0x00000000004000B0
run_stack_top=0x0000000000800000
run_segment_count=2
run_page_count=2
bench workers=12
bench iterations_per_worker=2000000
bench yield_every=65536
bench elapsed_ticks=8
bench timer_hz=100
bench context_switches=369
bench preempt_requests=7
bench checksum8_sum=1987
bench free_pages_before=31301
bench free_pages_after=31301
bench correctness=ok
run_return_flags=0x0000000000000000
run_process_state=exited
run_thread_state=finished
run_exit_code=0
os64 % r[K[1Dru[K[2Drun[K[3Drun [K[4Drun /[K[5Drun /b[K[6Drun /bi[K[7Drun /bin[K[8Drun /bin/[K[9Drun /bin/b[K[10Drun /bin/be[K[11Drun /bin/ben[K[12Drun /bin/benc[K[13Drun /bin/bench[K[14Drun /bin/bench_[K[15Drun /bin/bench_i[K[16Drun /bin/bench_ip[K[17Drun /bin/bench_ipc[K[18Drun /bin/bench_ipc [K[19Drun /bin/bench_ipc 3[K[20Drun /bin/bench_ipc 33[K[21Drun /bin/bench_ipc 335[K[22Drun /bin/bench_ipc 3355[K[23Drun /bin/bench_ipc 33554[K[24Drun /bin/bench_ipc 335544[K[25Drun /bin/bench_ipc 3355443[K[26Drun /bin/bench_ipc 33554432[K
run_path=/bin/bench_ipc
run_resolved_path=/bin/bench_ipc
run_inode=12
run_pid=134
run_tid=135
run_entry=0x00000000004000B0
run_stack_top=0x0000000000800000
run_segment_count=2
run_page_count=2
ipc bytes=33554432
ipc pipe_capacity=4096
ipc elapsed_ticks=28
ipc timer_hz=100
ipc context_switches=1648
ipc free_pages_before=31301
ipc free_pages_after=31301
ipc correctness=ok
run_return_flags=0x0000000000000000
run_process_state=exited
run_thread_state=finished
run_exit_code=0
os64 % p[K[1Dpe[K[2Dper[K[3Dperf[K
cpu_brand=QEMU Virtual CPU version 2.5+
cpu_fpu_sse_state=1
perf_abi=1
perf_ticks=911
perf_timer_hz=100
perf_switches=6169
perf_yields=2698
perf_preempt_requests=2325
perf_free_pages=31332
perf_heap_used_bytes=94944
perf_live_threads=1
perf_ready_threads=0
perf_blocked_threads=0
perf_sleeping_threads=0
perf_log_next_sequence=275
perf_log_overwritten=18
perf_cpu_features=63
perf_tsc_raw=9521124000
os64 % d[K[1Ddm[K[2Ddme[K[3Ddmes[K[4Ddmesg[K
19 93 debug process spawn pid=10
20 93 debug process spawn pid=11
21 94 debug process spawn pid=12
22 94 debug process spawn pid=13
23 94 debug process spawn pid=14
24 329 debug process exit pid=12
25 330 debug process exit pid=11
26 330 debug process exit pid=4
27 331 debug process exit pid=6
28 332 debug process exit pid=8
29 333 debug process exit pid=10
30 333 debug process exit pid=5
31 334 debug process exit pid=7
32 335 debug process exit pid=14
33 335 debug process exit pid=3
34 335 debug process exit pid=13
35 336 debug process exit pid=9
36 337 debug process exit pid=2
37 350 debug process exit pid=15
38 365 debug process spawn pid=17
39 366 debug process spawn pid=18
40 367 debug process spawn pid=19
41 367 debug process spawn pid=20
42 368 debug process spawn pid=21
43 368 debug process spawn pid=22
44 369 debug process spawn pid=23
45 371 debug process spawn pid=24
46 463 debug process exit pid=18
47 467 debug process exit pid=22
48 468 debug process exit pid=23
49 468 debug process exit pid=17
50 469 debug process exit pid=21
51 469 debug process exit pid=20
52 470 debug process exit pid=19
53 470 debug process exit pid=24
54 470 debug process exit pid=16
55 484 debug process spawn pid=26
56 485 debug process spawn pid=27
57 485 debug process spawn pid=28
58 486 debug process spawn pid=29
59 487 debug process spawn pid=30
60 487 debug process spawn pid=31
61 488 debug process spawn pid=32
62 489 debug process spawn pid=33
63 490 debug process spawn pid=34
64 491 debug process spawn pid=35
65 492 debug process spawn pid=36
66 493 debug process spawn pid=37
67 634 debug process exit pid=28
68 635 debug process exit pid=27
69 636 debug process exit pid=31
70 637 debug process exit pid=36
71 638 debug process exit pid=30
72 638 debug process exit pid=29
73 638 debug process exit pid=32
74 638 debug process exit pid=26
75 639 debug process exit pid=35
76 639 debug process exit pid=34
77 640 debug process exit pid=37
78 640 debug process exit pid=33
79 641 debug process spawn pid=38
80 641 error process page fault pid=38
81 641 debug process exit pid=38
82 642 debug process spawn pid=39
83 642 error process page fault pid=39
84 642 debug process exit pid=39
85 643 debug process spawn pid=40
86 643 error process page fault pid=40
87 643 debug process exit pid=40
88 644 debug process spawn pid=41
89 644 error process page fault pid=41
90 644 debug process exit pid=41
91 644 debug process spawn pid=42
92 644 error process page fault pid=42
93 644 debug process exit pid=42
94 645 debug process spawn pid=43
95 645 error process page fault pid=43
96 645 debug process exit pid=43
97 645 debug process spawn pid=44
98 645 error process page fault pid=44
99 645 debug process exit pid=44
100 646 debug process spawn pid=45
101 646 error process page fault pid=45
102 646 debug process exit pid=45
103 647 debug process exit pid=25
104 666 debug process spawn pid=47
105 666 debug process spawn pid=48
106 666 debug process exit pid=47
107 667 debug process spawn pid=49
108 667 debug process exit pid=48
109 667 debug process spawn pid=50
110 667 debug process exit pid=49
111 668 debug process spawn pid=51
112 668 debug process spawn pid=52
113 668 debug process exit pid=50
114 669 debug process spawn pid=53
115 669 debug process spawn pid=54
116 669 debug process exit pid=51
117 669 debug process exit pid=53
118 669 debug process exit pid=54
119 670 debug process exit pid=52
120 670 debug process exit pid=46
121 690 debug process spawn pid=56
122 690 debug process spawn pid=57
123 690 debug process spawn pid=58
124 690 debug process exit pid=56
125 691 debug process spawn pid=59
126 691 debug process exit pid=57
127 691 debug process spawn pid=60
128 691 debug process exit pid=58
129 691 debug process spawn pid=61
130 691 debug process exit pid=59
131 692 debug process spawn pid=62
132 692 debug process spawn pid=63
133 692 debug process exit pid=60
134 693 debug process spawn pid=64
135 693 debug process spawn pid=65
136 693 debug process exit pid=61
137 694 debug process spawn pid=66
138 694 debug process spawn pid=67
139 694 debug process exit pid=62
140 694 debug process exit pid=64
141 695 debug process exit pid=65
142 695 debug process exit pid=63
143 695 debug process exit pid=66
144 695 debug process exit pid=67
145 696 debug process exit pid=55
146 717 debug process spawn pid=69
147 717 debug process spawn pid=70
148 718 debug process spawn pid=71
149 718 debug process spawn pid=72
150 719 debug process spawn pid=73
151 719 debug process spawn pid=74
152 719 debug process spawn pid=75
153 720 debug process spawn pid=76
154 721 debug process exit pid=69
155 721 debug process exit pid=71
156 721 debug process exit pid=75
157 721 debug process exit pid=73
158 721 debug process exit pid=72
159 721 debug process exit pid=74
160 721 debug process exit pid=76
161 721 debug process exit pid=70
162 722 debug process exit pid=68
163 744 debug process spawn pid=78
164 745 debug process spawn pid=79
165 745 debug process spawn pid=80
166 745 debug process spawn pid=81
167 746 debug process spawn pid=82
168 746 debug process spawn pid=83
169 746 debug process spawn pid=84
170 747 debug process spawn pid=85
171 747 debug process spawn pid=86
172 747 debug process spawn pid=87
173 748 debug process spawn pid=88
174 748 debug process spawn pid=89
175 749 debug process exit pid=78
176 750 debug process exit pid=80
177 750 debug process exit pid=84
178 750 debug process exit pid=88
179 750 debug process exit pid=82
180 750 debug process exit pid=86
181 750 debug process exit pid=79
182 750 debug process exit pid=81
183 750 debug process exit pid=83
184 750 debug process exit pid=85
185 750 debug process exit pid=87
186 750 debug process exit pid=89
187 751 debug process exit pid=77
188 771 debug process spawn pid=91
189 771 debug process spawn pid=92
190 771 debug process exit pid=91
191 772 debug process spawn pid=93
192 772 debug process exit pid=92
193 772 debug process spawn pid=94
194 772 debug process spawn pid=95
195 772 debug process exit pid=93
196 773 debug process spawn pid=96
197 773 debug process spawn pid=97
198 773 debug process exit pid=94
199 773 debug process spawn pid=98
200 773 debug process exit pid=95
201 773 debug process exit pid=97
202 774 debug process exit pid=98
203 774 debug process exit pid=96
204 775 debug process exit pid=90
205 794 debug process spawn pid=100
206 794 debug process spawn pid=101
207 794 debug process exit pid=100
208 795 debug process spawn pid=102
209 795 debug process spawn pid=103
210 795 debug process exit pid=101
211 795 debug process spawn pid=104
212 796 debug process spawn pid=105
213 796 debug process exit pid=102
214 796 debug process spawn pid=106
215 796 debug process spawn pid=107
216 796 debug process exit pid=103
217 797 debug process spawn pid=108
218 797 debug process exit pid=104
219 797 debug process spawn pid=109
220 797 debug process spawn pid=110
221 797 debug process exit pid=105
222 798 debug process spawn pid=111
223 798 debug process exit pid=106
224 798 debug process exit pid=107
225 798 debug process exit pid=108
226 798 debug process exit pid=109
227 798 debug process exit pid=110
228 798 debug process exit pid=111
229 799 debug process exit pid=99
230 821 debug process spawn pid=113
231 821 debug process spawn pid=114
232 822 debug process spawn pid=115
233 822 debug process spawn pid=116
234 822 debug process spawn pid=117
235 823 debug process spawn pid=118
236 823 debug process spawn pid=119
237 823 debug process spawn pid=120
238 824 debug process exit pid=113
239 825 debug process exit pid=115
240 825 debug process exit pid=117
241 825 debug process exit pid=119
242 825 debug process exit pid=114
243 825 debug process exit pid=120
244 825 debug process exit pid=116
245 825 debug process exit pid=118
246 826 debug process exit pid=112
247 850 debug process spawn pid=122
248 851 debug process spawn pid=123
249 851 debug process spawn pid=124
250 852 debug process spawn pid=125
251 852 debug process spawn pid=126
252 853 debug process spawn pid=127
253 853 debug process spawn pid=128
254 853 debug process spawn pid=129
255 854 debug process spawn pid=130
256 854 debug process spawn pid=131
257 855 debug process spawn pid=132
258 855 debug process spawn pid=133
259 856 debug process exit pid=122
260 857 debug process exit pid=124
261 857 debug process exit pid=126
262 857 debug process exit pid=128
263 857 debug process exit pid=132
264 857 debug process exit pid=130
265 857 debug process exit pid=123
266 857 debug process exit pid=127
267 857 debug process exit pid=131
268 857 debug process exit pid=125
269 857 debug process exit pid=129
270 857 debug process exit pid=133
271 858 debug process exit pid=121
272 879 debug process spawn pid=135
273 907 debug process exit pid=135
274 907 debug process exit pid=134
log_overwritten=18
os64 % l[K[1Dlo[K[2Dlog[K[3Dlogs[K[4Dlogsa[K[5Dlogsav[K[6Dlogsave[K[7Dlogsave [K[8Dlogsave /[K[9Dlogsave /p[K[10Dlogsave /pe[K[11Dlogsave /per[K[12Dlogsave /perf[K[13Dlogsave /perfo[K[14Dlogsave /perfor[K[15Dlogsave /perform[K[16Dlogsave /performa[K[17Dlogsave /performan[K[18Dlogsave /performanc[K[19Dlogsave /performance[K[20Dlogsave /performance.[K[21Dlogsave /performance.l[K[22Dlogsave /performance.lo[K[23Dlogsave /performance.log[K
logsave ok
os64 % s[K[1Dsh[K[2Dshu[K[3Dshut[K[4Dshutd[K[5Dshutdo[K[6Dshutdow[K[7Dshutdown[K
shutdown ok
